[0m12:38:24.460527 [debug] [MainThread]: Sending event: {'category': 'dbt', 'action': 'invocation', 'label': 'start', 'context': [<snowplow_tracker.self_describing_json.SelfDescribingJson object at 0x7f4433f710d0>, <snowplow_tracker.self_describing_json.SelfDescribingJson object at 0x7f443295cfe0>, <snowplow_tracker.self_describing_json.SelfDescribingJson object at 0x7f4433f70800>]}


============================== 12:38:24.468227 | af7992cb-ae1b-469c-87df-834c76fa5c74 ==============================
[0m12:38:24.468227 [info ] [MainThread]: Running with dbt=1.9.0
[0m12:38:24.468943 [debug] [MainThread]: running dbt with arguments {'printer_width': '80', 'indirect_selection': 'eager', 'write_json': 'True', 'log_cache_events': 'False', 'partial_parse': 'True', 'cache_selected_only': 'False', 'warn_error': 'None', 'debug': 'False', 'version_check': 'True', 'log_path': 'logs', 'profiles_dir': '/root/.dbt', 'fail_fast': 'False', 'use_colors': 'True', 'use_experimental_parser': 'False', 'no_print': 'None', 'quiet': 'False', 'empty': 'False', 'log_format': 'default', 'invocation_command': 'dbt run --select staging', 'introspect': 'True', 'static_parser': 'True', 'target_path': 'None', 'warn_error_options': 'WarnErrorOptions(include=[], exclude=[])', 'send_anonymous_usage_stats': 'True'}
[0m12:38:24.469479 [error] [MainThread]: Encountered an error:
Runtime Error
  No dbt_project.yml found at expected path /usr/app/dbt/dbt_project.yml
  Verify that each entry within packages.yml (and their transitive dependencies) contains a file named dbt_project.yml
  
[0m12:38:24.471826 [debug] [MainThread]: Resource report: {"command_name": "run", "command_success": false, "command_wall_clock_time": 0.12590472, "process_in_blocks": "2392", "process_kernel_time": 0.111609, "process_mem_max_rss": "85204", "process_out_blocks": "8", "process_user_time": 1.461072}
[0m12:38:24.472501 [debug] [MainThread]: Command `dbt run` failed at 12:38:24.472379 after 0.13 seconds
[0m12:38:24.472924 [debug] [MainThread]: Sending event: {'category': 'dbt', 'action': 'invocation', 'label': 'end', 'context': [<snowplow_tracker.self_describing_json.SelfDescribingJson object at 0x7f443295cfe0>, <snowplow_tracker.self_describing_json.SelfDescribingJson object at 0x7f4432508da0>, <snowplow_tracker.self_describing_json.SelfDescribingJson object at 0x7f443276eff0>]}
[0m12:38:24.473356 [debug] [MainThread]: Flushing usage events
[0m12:38:25.456783 [debug] [MainThread]: An error was encountered while trying to flush usage events
[0m12:58:45.439767 [debug] [MainThread]: Sending event: {'category': 'dbt', 'action': 'invocation', 'label': 'start', 'context': [<snowplow_tracker.self_describing_json.SelfDescribingJson object at 0x7fe9f686e660>, <snowplow_tracker.self_describing_json.SelfDescribingJson object at 0x7fe9f4bd4aa0>, <snowplow_tracker.self_describing_json.SelfDescribingJson object at 0x7fe9f4ba8830>]}


============================== 12:58:45.450290 | 53920f56-f284-4a65-abb8-70ed3f7f88c5 ==============================
[0m12:58:45.450290 [info ] [MainThread]: Running with dbt=1.9.0
[0m12:58:45.451011 [debug] [MainThread]: running dbt with arguments {'printer_width': '80', 'indirect_selection': 'eager', 'log_cache_events': 'False', 'write_json': 'True', 'partial_parse': 'True', 'cache_selected_only': 'False', 'warn_error': 'None', 'version_check': 'True', 'profiles_dir': '/root/.dbt', 'log_path': 'logs', 'fail_fast': 'False', 'debug': 'False', 'use_colors': 'True', 'use_experimental_parser': 'False', 'no_print': 'None', 'quiet': 'False', 'empty': 'None', 'log_format': 'default', 'static_parser': 'True', 'invocation_command': 'dbt debug', 'introspect': 'True', 'target_path': 'None', 'warn_error_options': 'WarnErrorOptions(include=[], exclude=[])', 'send_anonymous_usage_stats': 'True'}
[0m12:58:45.476275 [info ] [MainThread]: dbt version: 1.9.0
[0m12:58:45.476980 [info ] [MainThread]: python version: 3.12.4
[0m12:58:45.477488 [info ] [MainThread]: python path: /usr/local/bin/python
[0m12:58:45.478009 [info ] [MainThread]: os info: Linux-5.15.167.4-microsoft-standard-WSL2-x86_64-with-glibc2.31
[0m12:58:45.574595 [info ] [MainThread]: Using profiles dir at /root/.dbt
[0m12:58:45.575211 [info ] [MainThread]: Using profiles.yml file at /root/.dbt/profiles.yml
[0m12:58:45.575647 [info ] [MainThread]: Using dbt_project.yml file at /usr/app/dbt/dbt_project.yml
[0m12:58:45.576156 [error] [MainThread]: Encountered an error:
Internal Error
  Profile should not be None if loading profile completed
[0m12:58:45.578903 [debug] [MainThread]: Resource report: {"command_name": "debug", "command_success": false, "command_wall_clock_time": 0.2570608, "process_in_blocks": "2712", "process_kernel_time": 0.070932, "process_mem_max_rss": "90372", "process_out_blocks": "16", "process_user_time": 1.601051}
[0m12:58:45.579613 [debug] [MainThread]: Command `dbt debug` failed at 12:58:45.579461 after 0.26 seconds
[0m12:58:45.580099 [debug] [MainThread]: Sending event: {'category': 'dbt', 'action': 'invocation', 'label': 'end', 'context': [<snowplow_tracker.self_describing_json.SelfDescribingJson object at 0x7fe9f4958e60>, <snowplow_tracker.self_describing_json.SelfDescribingJson object at 0x7fe9f48e9ee0>, <snowplow_tracker.self_describing_json.SelfDescribingJson object at 0x7fe9f5577080>]}
[0m12:58:45.580580 [debug] [MainThread]: Flushing usage events
[0m12:58:46.585319 [debug] [MainThread]: An error was encountered while trying to flush usage events
[0m13:01:39.002539 [debug] [MainThread]: Sending event: {'category': 'dbt', 'action': 'invocation', 'label': 'start', 'context': [<snowplow_tracker.self_describing_json.SelfDescribingJson object at 0x7f7eaffee9c0>, <snowplow_tracker.self_describing_json.SelfDescribingJson object at 0x7f7eb01d9700>, <snowplow_tracker.self_describing_json.SelfDescribingJson object at 0x7f7eb0a31580>]}


============================== 13:01:39.006209 | 684dfef0-a589-4a0c-8f78-e37e673dba18 ==============================
[0m13:01:39.006209 [info ] [MainThread]: Running with dbt=1.9.0
[0m13:01:39.006829 [debug] [MainThread]: running dbt with arguments {'printer_width': '80', 'indirect_selection': 'eager', 'write_json': 'True', 'log_cache_events': 'False', 'partial_parse': 'True', 'cache_selected_only': 'False', 'warn_error': 'None', 'debug': 'False', 'profiles_dir': '/usr/app/dbt', 'log_path': 'logs', 'fail_fast': 'False', 'version_check': 'True', 'use_colors': 'True', 'use_experimental_parser': 'False', 'no_print': 'None', 'quiet': 'False', 'empty': 'None', 'log_format': 'default', 'introspect': 'True', 'invocation_command': 'dbt debug --project-dir /usr/app/dbt --profiles-dir /usr/app/dbt', 'static_parser': 'True', 'target_path': 'None', 'warn_error_options': 'WarnErrorOptions(include=[], exclude=[])', 'send_anonymous_usage_stats': 'True'}
[0m13:01:39.016705 [info ] [MainThread]: dbt version: 1.9.0
[0m13:01:39.017263 [info ] [MainThread]: python version: 3.12.4
[0m13:01:39.017730 [info ] [MainThread]: python path: /usr/local/bin/python
[0m13:01:39.018157 [info ] [MainThread]: os info: Linux-5.15.167.4-microsoft-standard-WSL2-x86_64-with-glibc2.31
[0m13:01:39.018661 [info ] [MainThread]: Using profiles dir at /usr/app/dbt
[0m13:01:39.019068 [info ] [MainThread]: Using profiles.yml file at /usr/app/dbt/profiles.yml
[0m13:01:39.019480 [info ] [MainThread]: Using dbt_project.yml file at /usr/app/dbt/dbt_project.yml
[0m13:01:39.019869 [info ] [MainThread]: Configuration:
[0m13:01:39.020217 [info ] [MainThread]:   profiles.yml file [[31mERROR not found[0m]
[0m13:01:39.020810 [info ] [MainThread]:   dbt_project.yml file [[31mERROR not found[0m]
[0m13:01:39.021309 [info ] [MainThread]: Required dependencies:
[0m13:01:39.021982 [debug] [MainThread]: Executing "git --help"
[0m13:01:39.037776 [debug] [MainThread]: STDOUT: "b"usage: git [--version] [--help] [-C <path>] [-c <name>=<value>]\n           [--exec-path[=<path>]] [--html-path] [--man-path] [--info-path]\n           [-p | --paginate | -P | --no-pager] [--no-replace-objects] [--bare]\n           [--git-dir=<path>] [--work-tree=<path>] [--namespace=<name>]\n           <command> [<args>]\n\nThese are common Git commands used in various situations:\n\nstart a working area (see also: git help tutorial)\n   clone             Clone a repository into a new directory\n   init              Create an empty Git repository or reinitialize an existing one\n\nwork on the current change (see also: git help everyday)\n   add               Add file contents to the index\n   mv                Move or rename a file, a directory, or a symlink\n   restore           Restore working tree files\n   rm                Remove files from the working tree and from the index\n   sparse-checkout   Initialize and modify the sparse-checkout\n\nexamine the history and state (see also: git help revisions)\n   bisect            Use binary search to find the commit that introduced a bug\n   diff              Show changes between commits, commit and working tree, etc\n   grep              Print lines matching a pattern\n   log               Show commit logs\n   show              Show various types of objects\n   status            Show the working tree status\n\ngrow, mark and tweak your common history\n   branch            List, create, or delete branches\n   commit            Record changes to the repository\n   merge             Join two or more development histories together\n   rebase            Reapply commits on top of another base tip\n   reset             Reset current HEAD to the specified state\n   switch            Switch branches\n   tag               Create, list, delete or verify a tag object signed with GPG\n\ncollaborate (see also: git help workflows)\n   fetch             Download objects and refs from another repository\n   pull              Fetch from and integrate with another repository or a local branch\n   push              Update remote refs along with associated objects\n\n'git help -a' and 'git help -g' list available subcommands and some\nconcept guides. See 'git help <command>' or 'git help <concept>'\nto read about a specific subcommand or concept.\nSee 'git help git' for an overview of the system.\n""
[0m13:01:39.038398 [debug] [MainThread]: STDERR: "b''"
[0m13:01:39.038824 [info ] [MainThread]:  - git [[32mOK found[0m]

[0m13:01:39.039249 [info ] [MainThread]: Connection test skipped since no profile was found
[0m13:01:39.039860 [info ] [MainThread]: [31m2 checks failed:[0m
[0m13:01:39.040322 [info ] [MainThread]: dbt looked for a profiles.yml file in /usr/app/dbt/profiles.yml, but did
not find one. For more information on configuring your profile, consult the
documentation:

https://docs.getdbt.com/docs/configure-your-profile


[0m13:01:39.040687 [info ] [MainThread]: Project loading failed for the following reason:
 project path </usr/app/dbt/dbt_project.yml> not found

[0m13:01:39.041854 [debug] [MainThread]: Resource report: {"command_name": "debug", "command_success": false, "command_wall_clock_time": 0.15208818, "process_in_blocks": "8", "process_kernel_time": 0.200783, "process_mem_max_rss": "86136", "process_out_blocks": "16", "process_user_time": 1.455677}
[0m13:01:39.042451 [debug] [MainThread]: Command `dbt debug` failed at 13:01:39.042318 after 0.15 seconds
[0m13:01:39.042893 [debug] [MainThread]: Sending event: {'category': 'dbt', 'action': 'invocation', 'label': 'end', 'context': [<snowplow_tracker.self_describing_json.SelfDescribingJson object at 0x7f7eb01d9700>, <snowplow_tracker.self_describing_json.SelfDescribingJson object at 0x7f7eafbb9e80>, <snowplow_tracker.self_describing_json.SelfDescribingJson object at 0x7f7eb00520f0>]}
[0m13:01:39.043370 [debug] [MainThread]: Flushing usage events
[0m13:01:40.000549 [debug] [MainThread]: An error was encountered while trying to flush usage events
